C:/Users/fzoba/UGVC-Rover-26/firmware/Core/Src/main.cpp:109:5:int main()	296	static
C:/Users/fzoba/UGVC-Rover-26/firmware/Core/Src/main.cpp:216:6:void SystemClock_Config()	88	static
C:/Users/fzoba/UGVC-Rover-26/firmware/Core/Src/main.cpp:261:13:void MX_ADC1_Init()	24	static
C:/Users/fzoba/UGVC-Rover-26/firmware/Core/Src/main.cpp:357:13:void MX_I2C1_Init()	8	static
C:/Users/fzoba/UGVC-Rover-26/firmware/Core/Src/main.cpp:390:13:void MX_I2C2_Init()	8	static
C:/Users/fzoba/UGVC-Rover-26/firmware/Core/Src/main.cpp:423:13:void MX_SPI2_Init()	8	static
C:/Users/fzoba/UGVC-Rover-26/firmware/Core/Src/main.cpp:460:13:void MX_TIM1_Init()	56	static
C:/Users/fzoba/UGVC-Rover-26/firmware/Core/Src/main.cpp:509:13:void MX_TIM3_Init()	56	static
C:/Users/fzoba/UGVC-Rover-26/firmware/Core/Src/main.cpp:557:13:void MX_TIM4_Init()	56	static
C:/Users/fzoba/UGVC-Rover-26/firmware/Core/Src/main.cpp:605:13:void MX_TIM5_Init()	56	static
C:/Users/fzoba/UGVC-Rover-26/firmware/Core/Src/main.cpp:653:13:void MX_USART2_UART_Init()	8	static
C:/Users/fzoba/UGVC-Rover-26/firmware/Core/Src/main.cpp:683:13:void MX_DMA_Init()	16	static
C:/Users/fzoba/UGVC-Rover-26/firmware/Core/Src/main.cpp:707:13:void MX_GPIO_Init()	40	static
C:/Users/fzoba/UGVC-Rover-26/firmware/Core/Src/main.cpp:752:6:void HAL_ADC_LevelOutOfWindowCallback(ADC_HandleTypeDef*)	16	static
C:/Users/fzoba/UGVC-Rover-26/firmware/Core/Src/main.cpp:775:6:void Error_Handler()	4	static
