C:/Users/fzoba/Desktop/UGVC-Rover-26/firmware/Core/Src/main.cpp:106:5:int main()	368	static
C:/Users/fzoba/Desktop/UGVC-Rover-26/firmware/Core/Src/main.cpp:240:6:void SystemClock_Config()	88	static
C:/Users/fzoba/Desktop/UGVC-Rover-26/firmware/Core/Src/main.cpp:285:13:void MX_ADC1_Init()	24	static
C:/Users/fzoba/Desktop/UGVC-Rover-26/firmware/Core/Src/main.cpp:381:13:void MX_I2C1_Init()	8	static
C:/Users/fzoba/Desktop/UGVC-Rover-26/firmware/Core/Src/main.cpp:414:13:void MX_I2C2_Init()	8	static
C:/Users/fzoba/Desktop/UGVC-Rover-26/firmware/Core/Src/main.cpp:447:13:void MX_SPI2_Init()	8	static
C:/Users/fzoba/Desktop/UGVC-Rover-26/firmware/Core/Src/main.cpp:484:13:void MX_TIM1_Init()	56	static
C:/Users/fzoba/Desktop/UGVC-Rover-26/firmware/Core/Src/main.cpp:533:13:void MX_TIM3_Init()	56	static
C:/Users/fzoba/Desktop/UGVC-Rover-26/firmware/Core/Src/main.cpp:581:13:void MX_TIM4_Init()	56	static
C:/Users/fzoba/Desktop/UGVC-Rover-26/firmware/Core/Src/main.cpp:629:13:void MX_TIM5_Init()	56	static
C:/Users/fzoba/Desktop/UGVC-Rover-26/firmware/Core/Src/main.cpp:677:13:void MX_USART2_UART_Init()	8	static
C:/Users/fzoba/Desktop/UGVC-Rover-26/firmware/Core/Src/main.cpp:707:13:void MX_DMA_Init()	16	static
C:/Users/fzoba/Desktop/UGVC-Rover-26/firmware/Core/Src/main.cpp:731:13:void MX_GPIO_Init()	40	static
C:/Users/fzoba/Desktop/UGVC-Rover-26/firmware/Core/Src/main.cpp:776:6:void HAL_ADC_LevelOutOfWindowCallback(ADC_HandleTypeDef*)	16	static
C:/Users/fzoba/Desktop/UGVC-Rover-26/firmware/Core/Src/main.cpp:799:6:void Error_Handler()	4	static
