C:/Users/fzoba/Desktop/UGVC-Rover-26/firmware/Core/Inc/messages.h:132:16:uint8_t build_frame(uint8_t*, MessageType, const void*, uint8_t)	32	static
C:/Users/fzoba/Desktop/UGVC-Rover-26/firmware/Core/lib/stm32_bridge/stm32_bridge.hpp:47:10:bool STM32Bridge::IsDebugMode() const	16	static
C:/Users/fzoba/Desktop/UGVC-Rover-26/firmware/Core/lib/stm32_bridge/stm32_bridge.cpp:9:9:uint8_t crc8(const uint8_t*, uint8_t)	24	static
C:/Users/fzoba/Desktop/UGVC-Rover-26/firmware/Core/lib/stm32_bridge/stm32_bridge.cpp:27:1:STM32Bridge::STM32Bridge()	16	static
C:/Users/fzoba/Desktop/UGVC-Rover-26/firmware/Core/lib/stm32_bridge/stm32_bridge.cpp:31:6:void STM32Bridge::Init()	16	static
C:/Users/fzoba/Desktop/UGVC-Rover-26/firmware/Core/lib/stm32_bridge/stm32_bridge.cpp:37:6:void STM32Bridge::PushByteFromISR(uint8_t)	24	static
C:/Users/fzoba/Desktop/UGVC-Rover-26/firmware/Core/lib/stm32_bridge/stm32_bridge.cpp:48:6:void STM32Bridge::read_message()	96	static
C:/Users/fzoba/Desktop/UGVC-Rover-26/firmware/Core/lib/stm32_bridge/stm32_bridge.cpp:125:6:void STM32Bridge::SendPacket(MessageType, const void*, uint8_t)	96	static
C:/Users/fzoba/Desktop/UGVC-Rover-26/firmware/Core/lib/stm32_bridge/stm32_bridge.cpp:134:6:void STM32Bridge::SendReadyHandshake()	24	static
C:/Users/fzoba/Desktop/UGVC-Rover-26/firmware/Core/lib/stm32_bridge/stm32_bridge.cpp:144:6:void STM32Bridge::CheckWatchdog()	16	static
C:/Users/fzoba/Desktop/UGVC-Rover-26/firmware/Core/lib/stm32_bridge/stm32_bridge.cpp:150:6:void STM32Bridge::ExecuteSafeStop()	16	static
C:/Users/fzoba/Desktop/UGVC-Rover-26/firmware/Core/lib/stm32_bridge/stm32_bridge.cpp:156:6:void STM32Bridge::ToggleDebugMode(bool)	16	static
C:/Users/fzoba/Desktop/UGVC-Rover-26/firmware/Core/lib/stm32_bridge/stm32_bridge.cpp:164:10:void STM32Bridge_PushByte(uint8_t)	16	static
C:/Users/fzoba/Desktop/UGVC-Rover-26/firmware/Core/lib/stm32_bridge/stm32_bridge.cpp:169:10:void Bridge_Init()	8	static
C:/Users/fzoba/Desktop/UGVC-Rover-26/firmware/Core/lib/stm32_bridge/stm32_bridge.cpp:174:10:void Bridge_Update()	80	static
C:/Users/fzoba/Desktop/UGVC-Rover-26/firmware/Core/lib/stm32_bridge/stm32_bridge.cpp:211:9:int _write(int, char*, int)	24	static
C:/Users/fzoba/Desktop/UGVC-Rover-26/firmware/Core/lib/stm32_bridge/stm32_bridge.cpp:217:1:void __static_initialization_and_destruction_0()	8	static
C:/Users/fzoba/Desktop/UGVC-Rover-26/firmware/Core/lib/stm32_bridge/stm32_bridge.cpp:217:1:cpp)	8	static
